******************************************************************************
                  TI ARM Linker PC v18.1.2                     
******************************************************************************
>> Linked Tue Oct 22 11:45:34 2019

OUTPUT FILE NAME:   <R2R.out>
ENTRY POINT SYMBOL: "_c_int00_noargs"  address: 000006e1


MEMORY CONFIGURATION

         name            origin    length      used     unused   attr    fill
----------------------  --------  ---------  --------  --------  ----  --------
  FLASH                 00000000   00040000  00000ab4  0003f54c  R  X
  SRAM                  20000000   00008000  000004c8  00007b38  RW X


SEGMENT ALLOCATION MAP

run origin  load origin   length   init length attrs members
----------  ----------- ---------- ----------- ----- -------
00000000    00000000    00000ab8   00000ab8    r-x
  00000000    00000000    0000026c   0000026c    r-- .intvecs
  0000026c    0000026c    00000568   00000568    r-x .text
  000007d8    000007d8    000002e0   000002e0    r-- .cinit
20000000    20000000    000004c8   00000000    rw-
  20000000    20000000    000002c8   00000000    rw- .data
  200002c8    200002c8    00000200   00000000    rw- .stack


SECTION ALLOCATION MAP

 output                                  attributes/
section   page    origin      length       input sections
--------  ----  ----------  ----------   ----------------
.intvecs   0    00000000    0000026c     
                  00000000    0000026c     tm4c123gh6pm_startup_ccs.obj (.intvecs)

.text      0    0000026c    00000568     
                  0000026c    00000132     driverlib.lib : gpio.obj (.text:GPIOPadConfigSet)
                  0000039e    00000002     --HOLE-- [fill = 0]
                  000003a0    00000104     main.obj (.text)
                  000004a4    000000f4     driverlib.lib : sysctl.obj (.text:SysCtlClockSet)
                  00000598    0000009c     rtsv7M4_T_le_v4SPD16_eabi.lib : memcpy_t2.asm.obj (.text)
                  00000634    00000068                                   : copy_decompress_lzss.c.obj (.text:decompress:lzss:__TI_decompress_lzss)
                  0000069c    00000044                                   : autoinit.c.obj (.text:__TI_auto_init_nobinit_nopinit:__TI_auto_init_nobinit_nopinit)
                  000006e0    00000038                                   : boot_cortex_m.c.obj (.text:_c_int00_noargs:_c_int00_noargs)
                  00000718    00000034     driverlib.lib : sysctl.obj (.text:SysCtlPeripheralEnable)
                  0000074c    0000002a                   : gpio.obj (.text:GPIODirModeSet)
                  00000776    00000018                   : gpio.obj (.text:GPIOPinTypeGPIOOutput)
                  0000078e    00000012                   : gpio.obj (.text:GPIOPinTypeGPIOInput)
                  000007a0    0000000e     rtsv7M4_T_le_v4SPD16_eabi.lib : copy_decompress_none.c.obj (.text:decompress:none:__TI_decompress_none)
                  000007ae    0000000c     tm4c123gh6pm_startup_ccs.obj (.text)
                  000007ba    00000006     driverlib.lib : gpio.obj (.text:GPIOPinRead)
                  000007c0    00000006                   : gpio.obj (.text:GPIOPinWrite)
                  000007c6    00000006                   : sysctl.obj (.text:SysCtlDelay)
                  000007cc    00000004     rtsv7M4_T_le_v4SPD16_eabi.lib : pre_init.c.obj (.text:_system_pre_init)
                  000007d0    00000004                                   : exit.c.obj (.text:abort:abort)

.cinit     0    000007d8    000002e0     
                  000007d8    000002d0     (.cinit..data.load) [load image]
                  00000aa8    00000008     (__TI_handler_table)
                  00000ab0    00000008     (__TI_cinit_table)

.init_array 
*          0    00000000    00000000     UNINITIALIZED

.data      0    20000000    000002c8     UNINITIALIZED
                  20000000    000002c0     main.obj (.data:Sen)
                  200002c0    00000008     main.obj (.data)

.stack     0    200002c8    00000200     UNINITIALIZED
                  200002c8    00000004     rtsv7M4_T_le_v4SPD16_eabi.lib : boot_cortex_m.c.obj (.stack)
                  200002cc    000001fc     --HOLE--

MODULE SUMMARY

       Module                         code   ro data   rw data
       ------                         ----   -------   -------
    .\
       main.obj                       260    0         712    
       tm4c123gh6pm_startup_ccs.obj   12     620       0      
    +--+------------------------------+------+---------+---------+
       Total:                         272    620       712    
                                                              
    ../driverlib.lib
       gpio.obj                       402    0         0      
       sysctl.obj                     302    0         0      
    +--+------------------------------+------+---------+---------+
       Total:                         704    0         0      
                                                              
    C:\ti\ccsv8\tools\compiler\ti-cgt-arm_18.1.2.LTS\lib\rtsv7M4_T_le_v4SPD16_eabi.lib
       memcpy_t2.asm.obj              156    0         0      
       copy_decompress_lzss.c.obj     104    0         0      
       autoinit.c.obj                 68     0         0      
       boot_cortex_m.c.obj            56     0         0      
       copy_decompress_none.c.obj     14     0         0      
       exit.c.obj                     4      0         0      
       pre_init.c.obj                 4      0         0      
    +--+------------------------------+------+---------+---------+
       Total:                         406    0         0      
                                                              
       Stack:                         0      0         512    
       Linker Generated:              0      736       0      
    +--+------------------------------+------+---------+---------+
       Grand Total:                   1382   1356      1224   


LINKER GENERATED COPY TABLES

__TI_cinit_table @ 00000ab0 records: 1, size/record: 8, table size: 8
	.data: load addr=000007d8, load size=000002d0 bytes, run addr=20000000, run size=000002c8 bytes, compression=copy


LINKER GENERATED HANDLER TABLE

__TI_handler_table @ 00000aa8 records: 2, size/record: 4, table size: 8
	index: 0, handler: __TI_decompress_lzss
	index: 1, handler: __TI_decompress_none


GLOBAL SYMBOLS: SORTED ALPHABETICALLY BY Name 

address   name                          
-------   ----                          
000007d1  C$$EXIT                       
000003a1  Configuraciones               
0000074d  GPIODirModeSet                
0000026d  GPIOPadConfigSet              
000007bb  GPIOPinRead                   
0000078f  GPIOPinTypeGPIOInput          
00000777  GPIOPinTypeGPIOOutput         
000007c1  GPIOPinWrite                  
000007af  ResetISR                      
20000000  Sen                           
200002c0  Status                        
000004a5  SysCtlClockSet                
000007c7  SysCtlDelay                   
00000719  SysCtlPeripheralEnable        
200004c8  __STACK_END                   
00000200  __STACK_SIZE                  
200004c8  __STACK_TOP                   
00000ab0  __TI_CINIT_Base               
00000ab8  __TI_CINIT_Limit              
00000aa8  __TI_Handler_Table_Base       
00000ab0  __TI_Handler_Table_Limit      
0000069d  __TI_auto_init_nobinit_nopinit
00000635  __TI_decompress_lzss          
000007a1  __TI_decompress_none          
ffffffff  __TI_pprof_out_hndl           
ffffffff  __TI_prof_data_size           
ffffffff  __TI_prof_data_start          
00000000  __TI_static_base__            
00000599  __aeabi_memcpy                
00000599  __aeabi_memcpy4               
00000599  __aeabi_memcpy8               
ffffffff  __binit__                     
ffffffff  __c_args__                    
UNDEFED   __mpu_init                    
200002c8  __stack                       
000006e1  _c_int00_noargs               
UNDEFED   _system_post_cinit            
000007cd  _system_pre_init              
000007d1  abort                         
ffffffff  binit                         
00000000  g_pfnVectors                  
200002c4  i                             
000003e9  main                          
00000599  memcpy                        


GLOBAL SYMBOLS: SORTED BY Symbol Address 

address   name                          
-------   ----                          
00000000  __TI_static_base__            
00000000  g_pfnVectors                  
00000200  __STACK_SIZE                  
0000026d  GPIOPadConfigSet              
000003a1  Configuraciones               
000003e9  main                          
000004a5  SysCtlClockSet                
00000599  __aeabi_memcpy                
00000599  __aeabi_memcpy4               
00000599  __aeabi_memcpy8               
00000599  memcpy                        
00000635  __TI_decompress_lzss          
0000069d  __TI_auto_init_nobinit_nopinit
000006e1  _c_int00_noargs               
00000719  SysCtlPeripheralEnable        
0000074d  GPIODirModeSet                
00000777  GPIOPinTypeGPIOOutput         
0000078f  GPIOPinTypeGPIOInput          
000007a1  __TI_decompress_none          
000007af  ResetISR                      
000007bb  GPIOPinRead                   
000007c1  GPIOPinWrite                  
000007c7  SysCtlDelay                   
000007cd  _system_pre_init              
000007d1  C$$EXIT                       
000007d1  abort                         
00000aa8  __TI_Handler_Table_Base       
00000ab0  __TI_CINIT_Base               
00000ab0  __TI_Handler_Table_Limit      
00000ab8  __TI_CINIT_Limit              
20000000  Sen                           
200002c0  Status                        
200002c4  i                             
200002c8  __stack                       
200004c8  __STACK_END                   
200004c8  __STACK_TOP                   
ffffffff  __TI_pprof_out_hndl           
ffffffff  __TI_prof_data_size           
ffffffff  __TI_prof_data_start          
ffffffff  __binit__                     
ffffffff  __c_args__                    
ffffffff  binit                         
UNDEFED   __mpu_init                    
UNDEFED   _system_post_cinit            

[44 symbols]
